prisma/seed.ts(3,10): error TS2305: Module '"../src/data/curriculum"' has no exported member 'milestone11'.
prisma/seed.ts(3,23): error TS2305: Module '"../src/data/curriculum"' has no exported member 'milestone12'.
prisma/seed.ts(3,36): error TS2305: Module '"../src/data/curriculum"' has no exported member 'projectLadder'.
prisma/seed.ts(3,51): error TS2305: Module '"../src/data/curriculum"' has no exported member 'graduationChecklist'.
prisma/seed.ts(72,23): error TS2339: Property 'mini' does not exist on type 'unknown'.
prisma/seed.ts(73,25): error TS2339: Property 'medium' does not exist on type 'unknown'.
prisma/seed.ts(74,22): error TS2339: Property 'big' does not exist on type 'unknown'.
prisma/seed.ts(85,9): error TS2322: Type 'unknown' is not assignable to type 'string[] | GraduationChecklistCreateitemsInput'.
reset.ts(20,18): error TS2339: Property 'redTeamReport' does not exist on type 'PrismaClient<PrismaClientOptions, never, DefaultArgs>'.
reset.ts(27,9): error TS2353: Object literal may only specify known properties, and 'xp' does not exist in type '(Without<UserUpdateManyMutationInput, UserUncheckedUpdateManyInput> & UserUncheckedUpdateManyInput) | (Without<...> & UserUpdateManyMutationInput)'.
reset.ts(40,11): error TS2353: Object literal may only specify known properties, and 'xp' does not exist in type '(Without<UserCreateInput, UserUncheckedCreateInput> & UserUncheckedCreateInput) | (Without<...> & UserCreateInput)'.
src/App.tsx(4,10): error TS2305: Module '"./data/curriculum"' has no exported member 'curriculum'.
